// Jest Snapshot v1, https://goo.gl/fbAQLP

exports[`FeatureItem renders with enzyme 1`] = `
<div>
  <div
    className="feature"
    key="Processor"
  >
    <div
      className="feature__name"
    >
      Processor
    </div>
    <ul
      className="feature__list"
    >
      <li
        className="feature__item"
        key="0"
      >
        <div
          className="feature__option "
          onClick={[Function]}
        >
          17th Generation Intel Core HB (7 Core with donut spare)
          (
          $700.00
          )
        </div>
      </li>
      <li
        className="feature__item"
        key="1"
      >
        <div
          className="feature__option "
          onClick={[Function]}
        >
          Professor X AMD Fire Breather with sidewinder technology
          (
          $1,200.00
          )
        </div>
      </li>
    </ul>
  </div>
  <div
    className="feature"
    key="Operating System"
  >
    <div
      className="feature__name"
    >
      Operating System
    </div>
    <ul
      className="feature__list"
    >
      <li
        className="feature__item"
        key="0"
      >
        <div
          className="feature__option "
          onClick={[Function]}
        >
          Ubuntu Linux 16.04
          (
          $200.00
          )
        </div>
      </li>
      <li
        className="feature__item"
        key="1"
      >
        <div
          className="feature__option "
          onClick={[Function]}
        >
          Bodhi Linux
          (
          $300.00
          )
        </div>
      </li>
    </ul>
  </div>
  <div
    className="feature"
    key="Video Card"
  >
    <div
      className="feature__name"
    >
      Video Card
    </div>
    <ul
      className="feature__list"
    >
      <li
        className="feature__item"
        key="0"
      >
        <div
          className="feature__option "
          onClick={[Function]}
        >
          Toyota Corolla 1.5v
          (
          $1,150.98
          )
        </div>
      </li>
      <li
        className="feature__item"
        key="1"
      >
        <div
          className="feature__option "
          onClick={[Function]}
        >
          Mind mild breeze 2000
          (
          $1,345.00
          )
        </div>
      </li>
    </ul>
  </div>
  <div
    className="feature"
    key="Display"
  >
    <div
      className="feature__name"
    >
      Display
    </div>
    <ul
      className="feature__list"
    >
      <li
        className="feature__item"
        key="0"
      >
        <div
          className="feature__option "
          onClick={[Function]}
        >
          15.6" UHD (3840 x 2160) 60Hz Bright Lights and Knobs
          (
          $1,500.00
          )
        </div>
      </li>
      <li
        className="feature__item"
        key="1"
      >
        <div
          className="feature__option "
          onClick={[Function]}
        >
          15.3" HGTV (3840 x 2160) Home makeover edition
          (
          $1,400.00
          )
        </div>
      </li>
    </ul>
  </div>
</div>
`;

exports[`FeatureItem simulates clicking 2nd li 1`] = `
<div>
  <div
    className="feature"
    key="Processor"
  >
    <div
      className="feature__name"
    >
      Processor
    </div>
    <ul
      className="feature__list"
    >
      <li
        className="feature__item"
        key="0"
      >
        <div
          className="feature__option "
          onClick={[Function]}
        >
          17th Generation Intel Core HB (7 Core with donut spare)
          (
          $700.00
          )
        </div>
      </li>
      <li
        className="feature__item"
        key="1"
      >
        <div
          className="feature__option "
          onClick={[Function]}
        >
          Professor X AMD Fire Breather with sidewinder technology
          (
          $1,200.00
          )
        </div>
      </li>
    </ul>
  </div>
  <div
    className="feature"
    key="Operating System"
  >
    <div
      className="feature__name"
    >
      Operating System
    </div>
    <ul
      className="feature__list"
    >
      <li
        className="feature__item"
        key="0"
      >
        <div
          className="feature__option "
          onClick={[Function]}
        >
          Ubuntu Linux 16.04
          (
          $200.00
          )
        </div>
      </li>
      <li
        className="feature__item"
        key="1"
      >
        <div
          className="feature__option "
          onClick={[Function]}
        >
          Bodhi Linux
          (
          $300.00
          )
        </div>
      </li>
    </ul>
  </div>
  <div
    className="feature"
    key="Video Card"
  >
    <div
      className="feature__name"
    >
      Video Card
    </div>
    <ul
      className="feature__list"
    >
      <li
        className="feature__item"
        key="0"
      >
        <div
          className="feature__option "
          onClick={[Function]}
        >
          Toyota Corolla 1.5v
          (
          $1,150.98
          )
        </div>
      </li>
      <li
        className="feature__item"
        key="1"
      >
        <div
          className="feature__option "
          onClick={[Function]}
        >
          Mind mild breeze 2000
          (
          $1,345.00
          )
        </div>
      </li>
    </ul>
  </div>
  <div
    className="feature"
    key="Display"
  >
    <div
      className="feature__name"
    >
      Display
    </div>
    <ul
      className="feature__list"
    >
      <li
        className="feature__item"
        key="0"
      >
        <div
          className="feature__option "
          onClick={[Function]}
        >
          15.6" UHD (3840 x 2160) 60Hz Bright Lights and Knobs
          (
          $1,500.00
          )
        </div>
      </li>
      <li
        className="feature__item"
        key="1"
      >
        <div
          className="feature__option "
          onClick={[Function]}
        >
          15.3" HGTV (3840 x 2160) Home makeover edition
          (
          $1,400.00
          )
        </div>
      </li>
    </ul>
  </div>
</div>
`;

exports[`FeatureItem simulates multiple clicks 1`] = `
<div>
  <div
    className="feature"
    key="Processor"
  >
    <div
      className="feature__name"
    >
      Processor
    </div>
    <ul
      className="feature__list"
    >
      <li
        className="feature__item"
        key="0"
      >
        <div
          className="feature__option "
          onClick={[Function]}
        >
          17th Generation Intel Core HB (7 Core with donut spare)
          (
          $700.00
          )
        </div>
      </li>
      <li
        className="feature__item"
        key="1"
      >
        <div
          className="feature__option "
          onClick={[Function]}
        >
          Professor X AMD Fire Breather with sidewinder technology
          (
          $1,200.00
          )
        </div>
      </li>
    </ul>
  </div>
  <div
    className="feature"
    key="Operating System"
  >
    <div
      className="feature__name"
    >
      Operating System
    </div>
    <ul
      className="feature__list"
    >
      <li
        className="feature__item"
        key="0"
      >
        <div
          className="feature__option "
          onClick={[Function]}
        >
          Ubuntu Linux 16.04
          (
          $200.00
          )
        </div>
      </li>
      <li
        className="feature__item"
        key="1"
      >
        <div
          className="feature__option "
          onClick={[Function]}
        >
          Bodhi Linux
          (
          $300.00
          )
        </div>
      </li>
    </ul>
  </div>
  <div
    className="feature"
    key="Video Card"
  >
    <div
      className="feature__name"
    >
      Video Card
    </div>
    <ul
      className="feature__list"
    >
      <li
        className="feature__item"
        key="0"
      >
        <div
          className="feature__option "
          onClick={[Function]}
        >
          Toyota Corolla 1.5v
          (
          $1,150.98
          )
        </div>
      </li>
      <li
        className="feature__item"
        key="1"
      >
        <div
          className="feature__option "
          onClick={[Function]}
        >
          Mind mild breeze 2000
          (
          $1,345.00
          )
        </div>
      </li>
    </ul>
  </div>
  <div
    className="feature"
    key="Display"
  >
    <div
      className="feature__name"
    >
      Display
    </div>
    <ul
      className="feature__list"
    >
      <li
        className="feature__item"
        key="0"
      >
        <div
          className="feature__option "
          onClick={[Function]}
        >
          15.6" UHD (3840 x 2160) 60Hz Bright Lights and Knobs
          (
          $1,500.00
          )
        </div>
      </li>
      <li
        className="feature__item"
        key="1"
      >
        <div
          className="feature__option "
          onClick={[Function]}
        >
          15.3" HGTV (3840 x 2160) Home makeover edition
          (
          $1,400.00
          )
        </div>
      </li>
    </ul>
  </div>
</div>
`;
